../Core/Src/main.c:76:6:HAL_UART_RxCpltCallback	16	static
../Core/Src/main.c:97:6:HAL_ADC_ConvCpltCallback	16	static
../Core/Src/main.c:109:5:main	8	static
../Core/Src/main.c:165:6:SystemClock_Config	88	static
../Core/Src/main.c:219:13:MX_ADC1_Init	24	static
../Core/Src/main.c:271:13:MX_TIM3_Init	64	static
../Core/Src/main.c:329:13:MX_TIM8_Init	96	static
../Core/Src/main.c:404:13:MX_USART2_UART_Init	8	static
../Core/Src/main.c:437:13:MX_GPIO_Init	40	static
../Core/Src/main.c:466:6:Error_Handler	4	static,ignoring_inline_asm
